// Jest Snapshot v1, https://goo.gl/fbAQLP

exports[`Select 1 renders correctly 1`] = `
<span>
  <div
    class="ant-row ant-form-item"
  >
    <div
      class="ant-form-item-label"
    >
      <label
        class="ant-form-item-required"
        title="name"
      >
        name
      </label>
    </div>
    <div
      class="ant-form-item-control-wrapper"
    >
      <div
        class="ant-form-item-control "
      >
        <div
          class="test ant-select ant-select-enabled"
        >
          <div
            aria-autocomplete="list"
            aria-expanded="false"
            aria-haspopup="true"
            class="ant-select-selection
                      ant-select-selection--single"
            role="combobox"
            tabindex="0"
          >
            <div
              class="ant-select-selection__rendered"
            >
              <div
                class="ant-select-selection__placeholder"
                style="display:block;user-select:none;-webkit-user-select:none;"
                unselectable="unselectable"
              >
                请输入
              </div>
            </div>
            <span
              class="ant-select-arrow"
              style="user-select:none;-webkit-user-select:none;"
              unselectable="unselectable"
            >
              <b />
            </span>
          </div>
        </div>
      </div>
    </div>
  </div>
  <input
    class="ant-input"
    name="test"
    type="hidden"
    value=""
  />
</span>
`;

exports[`Select 2 renders correctly 1`] = `
<span>
  <div
    class="ant-row ant-form-item"
  >
    <div
      class="ant-form-item-label"
    >
      <label
        class="ant-form-item-required"
        title="name"
      >
        name
      </label>
    </div>
    <div
      class="ant-form-item-control-wrapper"
    >
      <div
        class="ant-form-item-control "
      >
        <div
          class="test ant-select ant-select-enabled"
        >
          <div
            aria-autocomplete="list"
            aria-expanded="false"
            aria-haspopup="true"
            class="ant-select-selection
                      ant-select-selection--single"
            role="combobox"
            tabindex="0"
          >
            <div
              class="ant-select-selection__rendered"
            >
              <div
                class="ant-select-selection__placeholder"
                style="display:block;user-select:none;-webkit-user-select:none;"
                unselectable="unselectable"
              >
                请输入
              </div>
            </div>
            <span
              class="ant-select-arrow"
              style="user-select:none;-webkit-user-select:none;"
              unselectable="unselectable"
            >
              <b />
            </span>
          </div>
        </div>
      </div>
    </div>
  </div>
  <input
    class="ant-input"
    name="test"
    type="hidden"
    value=""
  />
</span>
`;

exports[`Select 3 renders correctly 1`] = `
<span>
  <div
    class="ant-row ant-form-item"
  >
    <div
      class="ant-form-item-label"
    >
      <label
        class="ant-form-item-required"
        title="name"
      >
        name
      </label>
    </div>
    <div
      class="ant-form-item-control-wrapper"
    >
      <div
        class="ant-form-item-control "
      >
        <div
          class="test ant-select ant-select-enabled"
        >
          <div
            aria-autocomplete="list"
            aria-expanded="false"
            aria-haspopup="true"
            class="ant-select-selection
                      ant-select-selection--single"
            role="combobox"
            tabindex="0"
          >
            <div
              class="ant-select-selection__rendered"
            >
              <div
                class="ant-select-selection__placeholder"
                style="display:block;user-select:none;-webkit-user-select:none;"
                unselectable="unselectable"
              >
                请输入
              </div>
            </div>
            <span
              class="ant-select-arrow"
              style="user-select:none;-webkit-user-select:none;"
              unselectable="unselectable"
            >
              <b />
            </span>
          </div>
        </div>
      </div>
    </div>
  </div>
  <input
    class="ant-input"
    name="test"
    type="hidden"
    value=""
  />
</span>
`;

exports[`Select 4 renders correctly 1`] = `
<span>
  <div
    class="ant-row ant-form-item"
  >
    <div
      class="ant-form-item-label"
    >
      <label
        class="ant-form-item-required"
        title="name"
      >
        name
      </label>
    </div>
    <div
      class="ant-form-item-control-wrapper"
    >
      <div
        class="ant-form-item-control "
      >
        <div
          class="test ant-select ant-select-enabled"
        >
          <div
            aria-autocomplete="list"
            aria-expanded="false"
            aria-haspopup="true"
            class="ant-select-selection
                      ant-select-selection--single"
            role="combobox"
            tabindex="0"
          >
            <div
              class="ant-select-selection__rendered"
            >
              <div
                class="ant-select-selection__placeholder"
                style="display:block;user-select:none;-webkit-user-select:none;"
                unselectable="unselectable"
              >
                请输入
              </div>
            </div>
            <span
              class="ant-select-arrow"
              style="user-select:none;-webkit-user-select:none;"
              unselectable="unselectable"
            >
              <b />
            </span>
          </div>
        </div>
      </div>
    </div>
  </div>
  <input
    class="ant-input"
    name="test"
    type="hidden"
    value=""
  />
</span>
`;

exports[`Select 5 renders correctly 1`] = `
<span>
  <div
    class="ant-row ant-form-item"
  >
    <div
      class="ant-form-item-label"
    >
      <label
        class="ant-form-item-required"
        title="name"
      >
        name
      </label>
    </div>
    <div
      class="ant-form-item-control-wrapper"
    >
      <div
        class="ant-form-item-control "
      >
        <div
          class="test ant-select ant-select-enabled"
        >
          <div
            aria-autocomplete="list"
            aria-expanded="false"
            aria-haspopup="true"
            class="ant-select-selection
                      ant-select-selection--single"
            role="combobox"
            tabindex="0"
          >
            <div
              class="ant-select-selection__rendered"
            >
              <div
                class="ant-select-selection__placeholder"
                style="display:block;user-select:none;-webkit-user-select:none;"
                unselectable="unselectable"
              >
                请输入
              </div>
            </div>
            <span
              class="ant-select-arrow"
              style="user-select:none;-webkit-user-select:none;"
              unselectable="unselectable"
            >
              <b />
            </span>
          </div>
        </div>
      </div>
    </div>
  </div>
  <input
    class="ant-input"
    name="test"
    type="hidden"
    value=""
  />
</span>
`;
