// Jest Snapshot v1, https://goo.gl/fbAQLP

exports[`CheckboxGroup renders correctly 1`] = `
<span>
  <div
    class="ant-row ant-form-item"
  >
    <div
      class="ant-form-item-label"
    >
      <label
        class="ant-form-item-required"
        title="name"
      >
        name
      </label>
    </div>
    <div
      class="ant-form-item-control-wrapper"
    >
      <div
        class="ant-form-item-control "
      >
        <div
          class="ant-checkbox-group test"
        >
          <label
            class="ant-checkbox-group-item ant-checkbox-wrapper"
          >
            <span
              class="ant-checkbox"
            >
              <input
                class="ant-checkbox-input"
                type="checkbox"
              />
              <span
                class="ant-checkbox-inner"
              />
            </span>
            <span>
              深圳
            </span>
          </label>
          <label
            class="ant-checkbox-group-item ant-checkbox-wrapper"
          >
            <span
              class="ant-checkbox"
            >
              <input
                class="ant-checkbox-input"
                type="checkbox"
              />
              <span
                class="ant-checkbox-inner"
              />
            </span>
            <span>
              北京
            </span>
          </label>
          <label
            class="ant-checkbox-group-item ant-checkbox-wrapper"
          >
            <span
              class="ant-checkbox"
            >
              <input
                class="ant-checkbox-input"
                type="checkbox"
              />
              <span
                class="ant-checkbox-inner"
              />
            </span>
            <span>
              hangzhou
            </span>
          </label>
        </div>
      </div>
    </div>
  </div>
</span>
`;
