// Jest Snapshot v1, https://goo.gl/fbAQLP

exports[`Password renders correctly 1`] = `
<span
  class="password-con"
>
  <span>
    <div
      class="ant-row ant-form-item ant-form-item-with-help"
    >
      <div
        class="ant-form-item-label"
      >
        <label
          class="ant-form-item-required"
          title="name"
        >
          name
        </label>
      </div>
      <div
        class="ant-form-item-control-wrapper"
      >
        <div
          class="ant-form-item-control has-error"
        >
          <input
            class="ant-input test"
            name="test"
            type="password"
            value="55"
          />
          <div
            class="ant-form-explain"
          >
            必须介于5到12个字符，密码必须是字母和数字结合
          </div>
        </div>
      </div>
    </div>
  </span>
  <span>
    <div
      class="ant-row ant-form-item"
    >
      <div
        class="ant-form-item-label"
      >
        <label
          class=""
          title="重复密码"
        >
          重复密码
        </label>
      </div>
      <div
        class="ant-form-item-control-wrapper"
      >
        <div
          class="ant-form-item-control "
        >
          <input
            class="ant-input test"
            name="re-test"
            type="password"
            value=""
          />
        </div>
      </div>
    </div>
  </span>
</span>
`;
