// Jest Snapshot v1, https://goo.gl/fbAQLP

exports[`InputNumber renders correctly 1`] = `
<span>
  <div
    class="ant-row ant-form-item"
  >
    <div
      class="ant-form-item-label"
    >
      <label
        class="ant-form-item-required"
        title="name"
      >
        name
      </label>
    </div>
    <div
      class="ant-form-item-control-wrapper"
    >
      <div
        class="ant-form-item-control "
      >
        <input
          class="ant-input test"
          name="test"
          type="number"
          value=""
        />
      </div>
    </div>
  </div>
</span>
`;
