// Jest Snapshot v1, https://goo.gl/fbAQLP

exports[`DatePicker renders correctly 1`] = `
<span>
  <div
    class="ant-row ant-form-item"
  >
    <div
      class="ant-form-item-label"
    >
      <label
        class="ant-form-item-required"
        title="name"
      >
        name
      </label>
    </div>
    <div
      class="ant-form-item-control-wrapper"
    >
      <div
        class="ant-form-item-control has-success"
      >
        <span
          class="ant-calendar-picker"
        >
          <span>
            <input
              class="ant-calendar-picker-input ant-input"
              placeholder="请选择日期"
              readonly=""
              value="2016-04-13"
            />
            <i
              class="anticon anticon-cross-circle ant-calendar-picker-clear"
            />
            <span
              class="ant-calendar-picker-icon"
            />
          </span>
        </span>
      </div>
    </div>
  </div>
  <input
    class="ant-input"
    name="test"
    type="hidden"
    value="1460563200"
  />
</span>
`;
