// Jest Snapshot v1, https://goo.gl/fbAQLP

exports[`RangePicker renders correctly 1`] = `
<span>
  <div
    class="ant-row ant-form-item"
  >
    <div
      class="ant-form-item-label"
    >
      <label
        class="ant-form-item-required"
        title="name"
      >
        name
      </label>
    </div>
    <div
      class="ant-form-item-control-wrapper"
    >
      <div
        class="ant-form-item-control has-success"
      >
        <span
          class="ant-calendar-picker"
        >
          <span
            class="ant-calendar-picker-input ant-input"
          >
            <input
              class="ant-calendar-range-picker-input"
              placeholder="开始日期"
              readonly=""
              value="2016-04-05"
            />
            <span
              class="ant-calendar-range-picker-separator"
            >
               ~ 
            </span>
            <input
              class="ant-calendar-range-picker-input"
              placeholder="结束日期"
              readonly=""
              value="2016-04-05"
            />
            <i
              class="anticon anticon-cross-circle ant-calendar-picker-clear"
            />
            <span
              class="ant-calendar-picker-icon"
            />
          </span>
        </span>
      </div>
    </div>
  </div>
  <span>
    <input
      class="ant-input"
      name="test"
      type="hidden"
      value="1459785600"
    />
  </span>
  <span>
    <input
      class="ant-input"
      name="test"
      type="hidden"
      value="1459785600"
    />
  </span>
</span>
`;
