// Jest Snapshot v1, https://goo.gl/fbAQLP

exports[`FormBuilderConfiger renders correctly 1`] = `
<div
  class="configer"
>
  <div
    class="ant-table-wrapper"
  >
    <div
      class="ant-spin-nested-loading"
    >
      <div
        class="ant-spin-container"
      >
        <div
          class="ant-table ant-table-middle ant-table-bordered ant-table-scroll-position-left"
        >
          <div
            class="ant-table-content"
          >
            <div
              class="ant-table-body"
            >
              <table
                class=""
              >
                <colgroup>
                  <col
                    class="ant-table-expand-icon-col"
                  />
                  <col />
                  <col />
                  <col />
                  <col />
                  <col />
                </colgroup>
                <thead
                  class="ant-table-thead"
                >
                  <tr>
                    <th
                      class="ant-table-expand-icon-th"
                      rowspan="1"
                      title=""
                    />
                    <th
                      class=""
                    >
                      <span>
                        字段名
                      </span>
                    </th>
                    <th
                      class=""
                    >
                      <span>
                        配置名
                      </span>
                    </th>
                    <th
                      class=""
                    >
                      <span>
                        数据类型
                      </span>
                    </th>
                    <th
                      class=""
                    >
                      <span>
                        是否必填
                      </span>
                    </th>
                    <th
                      class=""
                    >
                      <span>
                        操作
                      </span>
                    </th>
                  </tr>
                </thead>
                <tbody
                  class="ant-table-tbody"
                >
                  <tr
                    class="ant-table-row  ant-table-row-level-0"
                  >
                    <td
                      class="ant-table-row-expand-icon-cell"
                    >
                      <span
                        class="ant-table-row-expand-icon ant-table-row-expanded"
                      />
                    </td>
                    <td
                      class=""
                    >
                      physics
                    </td>
                    <td
                      class=""
                    >
                      服务器物理属性表
                    </td>
                    <td
                      class=""
                    >
                      object
                    </td>
                    <td
                      class=""
                    >
                      必填
                    </td>
                    <td
                      class=""
                    >
                      <div>
                        <a
                          class="mr10"
                          href="javascript:void(0)"
                        >
                          <i
                            class="anticon anticon-edit"
                          />
                        </a>
                        <a
                          class="mr10"
                          href="javascript:void(0)"
                        >
                          <i
                            class="anticon anticon-delete"
                          />
                        </a>
                        <a
                          class="mr10"
                          href="javascript:void(0)"
                        >
                          <i
                            class="anticon anticon-plus"
                          />
                        </a>
                      </div>
                    </td>
                  </tr>
                  <tr
                    class="ant-table-expanded-row  ant-table-expanded-row-level-1"
                  >
                    <td
                      class=""
                    >
                      <span
                        class="ant-table-expanded-row-indent indent-level-1"
                        style="padding-left:NaNpx;"
                      />
                    </td>
                    <td
                      class=""
                      colspan="5"
                    >
                      <div>
                        <div
                          class="ant-table-wrapper"
                        >
                          <div
                            class="ant-spin-nested-loading"
                          >
                            <div
                              class="ant-spin-container"
                            >
                              <div
                                class="ant-table ant-table-middle ant-table-bordered ant-table-scroll-position-left"
                              >
                                <div
                                  class="ant-table-content"
                                >
                                  <div
                                    class="ant-table-body"
                                  >
                                    <table
                                      class=""
                                    >
                                      <colgroup>
                                        <col
                                          class="ant-table-expand-icon-col"
                                        />
                                        <col />
                                        <col />
                                        <col />
                                        <col />
                                        <col />
                                      </colgroup>
                                      <thead
                                        class="ant-table-thead"
                                      >
                                        <tr>
                                          <th
                                            class="ant-table-expand-icon-th"
                                            rowspan="1"
                                            title=""
                                          />
                                          <th
                                            class=""
                                          >
                                            <span>
                                              字段名
                                            </span>
                                          </th>
                                          <th
                                            class=""
                                          >
                                            <span>
                                              配置名
                                            </span>
                                          </th>
                                          <th
                                            class=""
                                          >
                                            <span>
                                              数据类型
                                            </span>
                                          </th>
                                          <th
                                            class=""
                                          >
                                            <span>
                                              是否必填
                                            </span>
                                          </th>
                                          <th
                                            class=""
                                          >
                                            <span>
                                              操作
                                            </span>
                                          </th>
                                        </tr>
                                      </thead>
                                      <tbody
                                        class="ant-table-tbody"
                                      >
                                        <tr
                                          class="ant-table-row  ant-table-row-level-0"
                                        >
                                          <td
                                            class="ant-table-row-expand-icon-cell"
                                          >
                                            <span
                                              class="ant-table-row-expand-icon ant-table-row-expanded"
                                            />
                                          </td>
                                          <td
                                            class=""
                                          >
                                            power_num
                                          </td>
                                          <td
                                            class=""
                                          >
                                            电源个数
                                          </td>
                                          <td
                                            class=""
                                          >
                                            number
                                          </td>
                                          <td
                                            class=""
                                          >
                                            必填
                                          </td>
                                          <td
                                            class=""
                                          >
                                            <div>
                                              <a
                                                class="mr10"
                                                href="javascript:void(0)"
                                              >
                                                <i
                                                  class="anticon anticon-edit"
                                                />
                                              </a>
                                              <a
                                                class="mr10"
                                                href="javascript:void(0)"
                                              >
                                                <i
                                                  class="anticon anticon-delete"
                                                />
                                              </a>
                                              <a
                                                class="mr10"
                                                href="javascript:void(0)"
                                              >
                                                <i
                                                  class="anticon anticon-arrow-down"
                                                />
                                              </a>
                                            </div>
                                          </td>
                                        </tr>
                                        <tr
                                          class="ant-table-row  ant-table-row-level-0"
                                        >
                                          <td
                                            class="ant-table-row-expand-icon-cell"
                                          >
                                            <span
                                              class="ant-table-row-expand-icon ant-table-row-expanded"
                                            />
                                          </td>
                                          <td
                                            class=""
                                          >
                                            rack_digit
                                          </td>
                                          <td
                                            class=""
                                          >
                                            机架位数
                                          </td>
                                          <td
                                            class=""
                                          >
                                            boolean
                                          </td>
                                          <td
                                            class=""
                                          >
                                            必填
                                          </td>
                                          <td
                                            class=""
                                          >
                                            <div>
                                              <a
                                                class="mr10"
                                                href="javascript:void(0)"
                                              >
                                                <i
                                                  class="anticon anticon-edit"
                                                />
                                              </a>
                                              <a
                                                class="mr10"
                                                href="javascript:void(0)"
                                              >
                                                <i
                                                  class="anticon anticon-delete"
                                                />
                                              </a>
                                              <a
                                                class="mr10"
                                                href="javascript:void(0)"
                                              >
                                                <i
                                                  class="anticon anticon-arrow-up"
                                                />
                                              </a>
                                              <a
                                                class="mr10"
                                                href="javascript:void(0)"
                                              >
                                                <i
                                                  class="anticon anticon-arrow-down"
                                                />
                                              </a>
                                            </div>
                                          </td>
                                        </tr>
                                        <tr
                                          class="ant-table-row  ant-table-row-level-0"
                                        >
                                          <td
                                            class="ant-table-row-expand-icon-cell"
                                          >
                                            <span
                                              class="ant-table-row-expand-icon ant-table-row-expanded"
                                            />
                                          </td>
                                          <td
                                            class=""
                                          >
                                            disk_list
                                          </td>
                                          <td
                                            class=""
                                          >
                                            硬盘列表
                                          </td>
                                          <td
                                            class=""
                                          >
                                            table
                                          </td>
                                          <td
                                            class=""
                                          >
                                            必填
                                          </td>
                                          <td
                                            class=""
                                          >
                                            <div>
                                              <a
                                                class="mr10"
                                                href="javascript:void(0)"
                                              >
                                                <i
                                                  class="anticon anticon-edit"
                                                />
                                              </a>
                                              <a
                                                class="mr10"
                                                href="javascript:void(0)"
                                              >
                                                <i
                                                  class="anticon anticon-delete"
                                                />
                                              </a>
                                              <a
                                                class="mr10"
                                                href="javascript:void(0)"
                                              >
                                                <i
                                                  class="anticon anticon-arrow-up"
                                                />
                                              </a>
                                              <a
                                                class="mr10"
                                                href="javascript:void(0)"
                                              >
                                                <i
                                                  class="anticon anticon-plus"
                                                />
                                              </a>
                                            </div>
                                          </td>
                                        </tr>
                                        <tr
                                          class="ant-table-expanded-row  ant-table-expanded-row-level-1"
                                        >
                                          <td
                                            class=""
                                          >
                                            <span
                                              class="ant-table-expanded-row-indent indent-level-1"
                                              style="padding-left:NaNpx;"
                                            />
                                          </td>
                                          <td
                                            class=""
                                            colspan="5"
                                          >
                                            <div>
                                              <div
                                                class="ant-table-wrapper"
                                              >
                                                <div
                                                  class="ant-spin-nested-loading"
                                                >
                                                  <div
                                                    class="ant-spin-container"
                                                  >
                                                    <div
                                                      class="ant-table ant-table-middle ant-table-bordered ant-table-scroll-position-left"
                                                    >
                                                      <div
                                                        class="ant-table-content"
                                                      >
                                                        <div
                                                          class="ant-table-body"
                                                        >
                                                          <table
                                                            class=""
                                                          >
                                                            <colgroup>
                                                              <col
                                                                class="ant-table-expand-icon-col"
                                                              />
                                                              <col />
                                                              <col />
                                                              <col />
                                                              <col />
                                                              <col />
                                                            </colgroup>
                                                            <thead
                                                              class="ant-table-thead"
                                                            >
                                                              <tr>
                                                                <th
                                                                  class="ant-table-expand-icon-th"
                                                                  rowspan="1"
                                                                  title=""
                                                                />
                                                                <th
                                                                  class=""
                                                                >
                                                                  <span>
                                                                    字段名
                                                                  </span>
                                                                </th>
                                                                <th
                                                                  class=""
                                                                >
                                                                  <span>
                                                                    配置名
                                                                  </span>
                                                                </th>
                                                                <th
                                                                  class=""
                                                                >
                                                                  <span>
                                                                    数据类型
                                                                  </span>
                                                                </th>
                                                                <th
                                                                  class=""
                                                                >
                                                                  <span>
                                                                    是否必填
                                                                  </span>
                                                                </th>
                                                                <th
                                                                  class=""
                                                                >
                                                                  <span>
                                                                    操作
                                                                  </span>
                                                                </th>
                                                              </tr>
                                                            </thead>
                                                            <tbody
                                                              class="ant-table-tbody"
                                                            >
                                                              <tr
                                                                class="ant-table-row  ant-table-row-level-0"
                                                              >
                                                                <td
                                                                  class="ant-table-row-expand-icon-cell"
                                                                >
                                                                  <span
                                                                    class="ant-table-row-expand-icon ant-table-row-expanded"
                                                                  />
                                                                </td>
                                                                <td
                                                                  class=""
                                                                >
                                                                  brand
                                                                </td>
                                                                <td
                                                                  class=""
                                                                >
                                                                  硬盘品牌
                                                                </td>
                                                                <td
                                                                  class=""
                                                                >
                                                                  string
                                                                </td>
                                                                <td
                                                                  class=""
                                                                >
                                                                  必填
                                                                </td>
                                                                <td
                                                                  class=""
                                                                >
                                                                  <div>
                                                                    <a
                                                                      class="mr10"
                                                                      href="javascript:void(0)"
                                                                    >
                                                                      <i
                                                                        class="anticon anticon-edit"
                                                                      />
                                                                    </a>
                                                                    <a
                                                                      class="mr10"
                                                                      href="javascript:void(0)"
                                                                    >
                                                                      <i
                                                                        class="anticon anticon-delete"
                                                                      />
                                                                    </a>
                                                                    <a
                                                                      class="mr10"
                                                                      href="javascript:void(0)"
                                                                    >
                                                                      <i
                                                                        class="anticon anticon-arrow-down"
                                                                      />
                                                                    </a>
                                                                  </div>
                                                                </td>
                                                              </tr>
                                                              <tr
                                                                class="ant-table-row  ant-table-row-level-0"
                                                              >
                                                                <td
                                                                  class="ant-table-row-expand-icon-cell"
                                                                >
                                                                  <span
                                                                    class="ant-table-row-expand-icon ant-table-row-expanded"
                                                                  />
                                                                </td>
                                                                <td
                                                                  class=""
                                                                >
                                                                  model
                                                                </td>
                                                                <td
                                                                  class=""
                                                                >
                                                                  硬盘型号
                                                                </td>
                                                                <td
                                                                  class=""
                                                                >
                                                                  string
                                                                </td>
                                                                <td
                                                                  class=""
                                                                >
                                                                  必填
                                                                </td>
                                                                <td
                                                                  class=""
                                                                >
                                                                  <div>
                                                                    <a
                                                                      class="mr10"
                                                                      href="javascript:void(0)"
                                                                    >
                                                                      <i
                                                                        class="anticon anticon-edit"
                                                                      />
                                                                    </a>
                                                                    <a
                                                                      class="mr10"
                                                                      href="javascript:void(0)"
                                                                    >
                                                                      <i
                                                                        class="anticon anticon-delete"
                                                                      />
                                                                    </a>
                                                                    <a
                                                                      class="mr10"
                                                                      href="javascript:void(0)"
                                                                    >
                                                                      <i
                                                                        class="anticon anticon-arrow-up"
                                                                      />
                                                                    </a>
                                                                  </div>
                                                                </td>
                                                              </tr>
                                                            </tbody>
                                                          </table>
                                                        </div>
                                                      </div>
                                                    </div>
                                                  </div>
                                                </div>
                                              </div>
                                            </div>
                                          </td>
                                        </tr>
                                      </tbody>
                                    </table>
                                  </div>
                                </div>
                              </div>
                            </div>
                          </div>
                        </div>
                      </div>
                    </td>
                  </tr>
                </tbody>
              </table>
            </div>
          </div>
        </div>
      </div>
    </div>
  </div>
</div>
`;
