// Jest Snapshot v1, https://goo.gl/fbAQLP

exports[`FormBuilder props.config render correctly 1`] = `
<form
  class="ant-form ant-form-horizontal undefined builder-con"
>
  <div>
    <div>
      <span>
        <div
          class="ant-row ant-form-item"
        >
          <div
            class="ant-form-item-control-wrapper"
          >
            <div
              class="ant-form-item-control "
            >
              <input
                class="ant-input"
                name="test"
                type="text"
                value=""
              />
            </div>
          </div>
        </div>
      </span>
    </div>
    <div>
      <span>
        <div
          class="ant-row ant-form-item"
        >
          <div
            class="ant-form-item-control-wrapper"
          >
            <div
              class="ant-form-item-control "
            >
              <input
                class="ant-input"
                name="test1"
                type="text"
                value=""
              />
            </div>
          </div>
        </div>
      </span>
    </div>
    <div>
      <span>
        <div
          class="ant-row ant-form-item"
        >
          <div
            class="ant-form-item-control-wrapper"
          >
            <div
              class="ant-form-item-control "
            >
              <input
                class="ant-input"
                name="test2"
                type="text"
                value=""
              />
            </div>
          </div>
        </div>
      </span>
    </div>
    <div>
      <span>
        <div
          class="ant-row ant-form-item"
        >
          <div
            class="ant-form-item-control-wrapper"
          >
            <div
              class="ant-form-item-control "
            >
              <input
                class="ant-input"
                name="test3"
                type="text"
                value=""
              />
            </div>
          </div>
        </div>
      </span>
    </div>
    <div>
      <span>
        <div
          class="ant-row ant-form-item"
        >
          <div
            class="ant-form-item-control-wrapper"
          >
            <div
              class="ant-form-item-control "
            >
              <textarea
                class="ant-input"
                name="test4"
                type="textarea"
              />
            </div>
          </div>
        </div>
      </span>
    </div>
    <div>
      <input
        class="ant-input"
        name="test5"
        type="hidden"
        value=""
      />
    </div>
    <div>
      <span>
        <div
          class="ant-row ant-form-item"
        >
          <div
            class="ant-form-item-control-wrapper"
          >
            <div
              class="ant-form-item-control "
            >
              <input
                class="ant-input"
                name="test6"
                type="number"
                value=""
              />
            </div>
          </div>
        </div>
      </span>
    </div>
    <div>
      <span>
        <div
          class="ant-row ant-form-item"
        >
          <div
            class="ant-form-item-control-wrapper"
          >
            <div
              class="ant-form-item-control "
            >
              <input
                class="ant-input"
                name="test7"
                type="number"
                value=""
              />
            </div>
          </div>
        </div>
      </span>
    </div>
    <div>
      <span>
        <div
          class="ant-row ant-form-item"
        >
          <div
            class="ant-form-item-control-wrapper"
          >
            <div
              class="ant-form-item-control "
            >
              <input
                class="ant-input"
                name="test8"
                type="number"
                value=""
              />
            </div>
          </div>
        </div>
      </span>
    </div>
    <div>
      <span>
        <div
          class="ant-row ant-form-item"
        >
          <div
            class="ant-form-item-control-wrapper"
          >
            <div
              class="ant-form-item-control "
            >
              <div
                class="ant-select ant-select-enabled"
              >
                <div
                  aria-autocomplete="list"
                  aria-expanded="false"
                  aria-haspopup="true"
                  class="ant-select-selection
                            ant-select-selection--single"
                  role="combobox"
                  tabindex="0"
                >
                  <div
                    class="ant-select-selection__rendered"
                  >
                    <div
                      class="ant-select-selection__placeholder"
                      style="display:block;user-select:none;-webkit-user-select:none;"
                      unselectable="unselectable"
                    >
                      请输入
                    </div>
                  </div>
                  <span
                    class="ant-select-arrow"
                    style="user-select:none;-webkit-user-select:none;"
                    unselectable="unselectable"
                  >
                    <b />
                  </span>
                </div>
              </div>
            </div>
          </div>
        </div>
        <input
          class="ant-input"
          name="test9"
          type="hidden"
          value=""
        />
      </span>
    </div>
    <div>
      <span>
        <div
          class="ant-row ant-form-item"
        >
          <div
            class="ant-form-item-control-wrapper"
          >
            <div
              class="ant-form-item-control "
            >
              <span
                class="ant-time-picker ant-time-picker-default"
              >
                <input
                  class="ant-time-picker-input"
                  placeholder="请选择时间"
                  readonly=""
                  type="text"
                  value=""
                />
                <span
                  class="ant-time-picker-icon"
                />
              </span>
            </div>
          </div>
        </div>
        <input
          class="ant-input"
          name="test10"
          type="hidden"
          value=""
        />
      </span>
    </div>
    <div>
      <span>
        <div
          class="ant-row ant-form-item"
        >
          <div
            class="ant-form-item-control-wrapper"
          >
            <div
              class="ant-form-item-control "
            >
              <span
                class="ant-time-picker ant-time-picker-default"
              >
                <input
                  class="ant-time-picker-input"
                  placeholder="请选择时间"
                  readonly=""
                  type="text"
                  value=""
                />
                <span
                  class="ant-time-picker-icon"
                />
              </span>
            </div>
          </div>
        </div>
        <input
          class="ant-input"
          name="test11"
          type="hidden"
          value=""
        />
      </span>
    </div>
    <div>
      <span>
        <div
          class="ant-row ant-form-item"
        >
          <div
            class="ant-form-item-control-wrapper"
          >
            <div
              class="ant-form-item-control "
            >
              <span
                class="ant-calendar-picker"
              >
                <span>
                  <input
                    class="ant-calendar-picker-input ant-input"
                    placeholder="请选择日期"
                    readonly=""
                    value=""
                  />
                  <span
                    class="ant-calendar-picker-icon"
                  />
                </span>
              </span>
            </div>
          </div>
        </div>
        <input
          class="ant-input"
          name="test12"
          type="hidden"
          value=""
        />
      </span>
    </div>
    <div>
      <span>
        <div
          class="ant-row ant-form-item"
        >
          <div
            class="ant-form-item-control-wrapper"
          >
            <div
              class="ant-form-item-control "
            >
              <span
                class="ant-calendar-picker"
              >
                <span>
                  <input
                    class="ant-calendar-picker-input ant-input"
                    placeholder="请选择日期"
                    readonly=""
                    value=""
                  />
                  <span
                    class="ant-calendar-picker-icon"
                  />
                </span>
              </span>
            </div>
          </div>
        </div>
        <input
          class="ant-input"
          name="test13"
          type="hidden"
          value=""
        />
      </span>
    </div>
    <div>
      <span>
        <div
          class="ant-row ant-form-item"
        >
          <div
            class="ant-form-item-control-wrapper"
          >
            <div
              class="ant-form-item-control "
            >
              <span
                class="ant-calendar-picker"
              >
                <span>
                  <input
                    class="ant-calendar-picker-input ant-input"
                    placeholder="请选择日期"
                    readonly=""
                    value=""
                  />
                  <span
                    class="ant-calendar-picker-icon"
                  />
                </span>
              </span>
            </div>
          </div>
        </div>
        <input
          class="ant-input"
          name="test14"
          type="hidden"
          value=""
        />
      </span>
    </div>
    <div>
      <span>
        <div
          class="ant-row ant-form-item"
        >
          <div
            class="ant-form-item-control-wrapper"
          >
            <div
              class="ant-form-item-control "
            >
              <span
                class="ant-calendar-picker"
              >
                <span>
                  <input
                    class="ant-calendar-picker-input ant-input"
                    placeholder="请选择日期"
                    readonly=""
                    value=""
                  />
                  <span
                    class="ant-calendar-picker-icon"
                  />
                </span>
              </span>
            </div>
          </div>
        </div>
        <input
          class="ant-input"
          name="test15"
          type="hidden"
          value=""
        />
      </span>
    </div>
    <div>
      <span>
        <div
          class="ant-row ant-form-item"
        >
          <div
            class="ant-form-item-control-wrapper"
          >
            <div
              class="ant-form-item-control "
            >
              <span
                class="ant-calendar-picker"
              >
                <span
                  class="ant-calendar-picker-input ant-input"
                >
                  <input
                    class="ant-calendar-range-picker-input"
                    placeholder="开始日期"
                    readonly=""
                    value=""
                  />
                  <span
                    class="ant-calendar-range-picker-separator"
                  >
                     ~ 
                  </span>
                  <input
                    class="ant-calendar-range-picker-input"
                    placeholder="结束日期"
                    readonly=""
                    value=""
                  />
                  <span
                    class="ant-calendar-picker-icon"
                  />
                </span>
              </span>
            </div>
          </div>
        </div>
      </span>
    </div>
    <div>
      <span>
        <div
          class="ant-row ant-form-item"
        >
          <div
            class="ant-form-item-control-wrapper"
          >
            <div
              class="ant-form-item-control "
            >
              <span
                class="ant-calendar-picker"
              >
                <span
                  class="ant-calendar-picker-input ant-input"
                >
                  <input
                    class="ant-calendar-range-picker-input"
                    placeholder="开始日期"
                    readonly=""
                    value=""
                  />
                  <span
                    class="ant-calendar-range-picker-separator"
                  >
                     ~ 
                  </span>
                  <input
                    class="ant-calendar-range-picker-input"
                    placeholder="结束日期"
                    readonly=""
                    value=""
                  />
                  <span
                    class="ant-calendar-picker-icon"
                  />
                </span>
              </span>
            </div>
          </div>
        </div>
      </span>
    </div>
    <div>
      <span>
        <div
          class="ant-row ant-form-item"
        >
          <div
            class="ant-form-item-control-wrapper"
          >
            <div
              class="ant-form-item-control "
            >
              <div
                class="ant-checkbox-group"
              />
            </div>
          </div>
        </div>
      </span>
    </div>
    <div>
      <span>
        <div
          class="ant-row ant-form-item"
        >
          <div
            class="ant-form-item-control-wrapper"
          >
            <div
              class="ant-form-item-control "
            >
              <div
                class="ant-radio-group ant-radio-group-default"
              />
            </div>
          </div>
        </div>
        <input
          class="ant-input"
          name="test19"
          type="hidden"
          value=""
        />
      </span>
    </div>
    <div>
      <span
        class="password-con"
      >
        <span>
          <div
            class="ant-row ant-form-item"
          >
            <div
              class="ant-form-item-control-wrapper"
            >
              <div
                class="ant-form-item-control "
              >
                <input
                  class="ant-input"
                  name="test20"
                  type="password"
                  value=""
                />
              </div>
            </div>
          </div>
        </span>
      </span>
    </div>
    <div>
      <span>
        <div
          class="ant-row ant-form-item"
        >
          <div
            class="ant-form-item-control-wrapper"
          >
            <div
              class="ant-form-item-control "
            >
              <span
                class="ant-cascader-picker"
                tabindex="0"
              >
                <input
                  autocomplete="off"
                  class="ant-input ant-cascader-input "
                  name="test21"
                  placeholder="Please select"
                  readonly=""
                  type="cascader"
                  value=""
                />
                <span
                  class="ant-cascader-picker-label"
                />
                <i
                  class="anticon anticon-down ant-cascader-picker-arrow"
                />
              </span>
            </div>
          </div>
        </div>
      </span>
    </div>
  </div>
</form>
`;

exports[`FormBuilder render correctly 1`] = `
<form
  class="ant-form ant-form-horizontal undefined builder-con"
>
  <span>
    <div
      class="ant-row ant-form-item"
    >
      <div
        class="ant-col-4 ant-form-item-label"
      >
        <label
          class="ant-form-item-required"
          title="label"
        >
          label
        </label>
      </div>
      <div
        class="ant-col-20 ant-form-item-control-wrapper"
      >
        <div
          class="ant-form-item-control "
        >
          <input
            class="ant-input ant-input-sm"
            name="test"
            type="text"
            value=""
          />
        </div>
      </div>
    </div>
  </span>
</form>
`;
