// Jest Snapshot v1, https://goo.gl/fbAQLP

exports[`RadioGroup renders correctly 1`] = `
<span>
  <div
    class="ant-row ant-form-item"
  >
    <div
      class="ant-form-item-label"
    >
      <label
        class="ant-form-item-required"
        title="name"
      >
        name
      </label>
    </div>
    <div
      class="ant-form-item-control-wrapper"
    >
      <div
        class="ant-form-item-control "
      >
        <div
          class="ant-radio-group ant-radio-group-default test"
        >
          <label
            class="ant-radio-wrapper"
          >
            <span
              class="ant-radio"
            >
              <input
                class="ant-radio-input"
                type="radio"
              />
              <span
                class="ant-radio-inner"
              />
            </span>
            <span>
              深圳
            </span>
          </label>
          <label
            class="ant-radio-wrapper"
          >
            <span
              class="ant-radio"
            >
              <input
                class="ant-radio-input"
                type="radio"
              />
              <span
                class="ant-radio-inner"
              />
            </span>
            <span>
              北京
            </span>
          </label>
          <label
            class="ant-radio-wrapper"
          >
            <span
              class="ant-radio"
            >
              <input
                class="ant-radio-input"
                type="radio"
              />
              <span
                class="ant-radio-inner"
              />
            </span>
            <span>
              hangzhou
            </span>
          </label>
        </div>
      </div>
    </div>
  </div>
  <input
    class="ant-input"
    name="test"
    type="hidden"
    value=""
  />
</span>
`;
