// Jest Snapshot v1, https://goo.gl/fbAQLP

exports[`TimePicker renders correctly 1`] = `
<span>
  <div
    class="ant-row ant-form-item"
  >
    <div
      class="ant-form-item-label"
    >
      <label
        class="ant-form-item-required"
        title="name"
      >
        name
      </label>
    </div>
    <div
      class="ant-form-item-control-wrapper"
    >
      <div
        class="ant-form-item-control "
      >
        <span
          class="ant-time-picker test ant-time-picker-default"
        >
          <input
            class="ant-time-picker-input"
            placeholder="请选择时间"
            readonly=""
            type="text"
            value=""
          />
          <span
            class="ant-time-picker-icon"
          />
        </span>
      </div>
    </div>
  </div>
  <input
    class="ant-input"
    name="test"
    type="hidden"
    value=""
  />
</span>
`;
